###############################################################################
#                                                                             #
# IAR C/C++ Compiler V8.10.1.10194/W32 for 8051         08/Aug/2017  09:57:23 #
# Copyright 2004-2011 IAR Systems AB.                                         #
#                                                                             #
#    Core               =  plain                                              #
#    Code model         =  banked                                             #
#    Data model         =  large                                              #
#    Calling convention =  xdata reentrant                                    #
#    Constant location  =  data_rom                                           #
#    Dptr setup         =  1,16                                               #
#    Source file        =  D:\work space\Smart Product\Two YHY\Door\v1.03.0   #
#                          Green\ZStack-CC2530-2.5.1a\Projects\zstack\HomeAut #
#                          omation\SmartDoor\Source\zcl_door_control.c        #
#    Command line       =  -f "D:\work space\Smart Product\Two                #
#                          YHY\Door\v1.03.0  Green\ZStack-CC2530-2.5.1a\Proje #
#                          cts\zstack\HomeAutomation\SmartDoor\CC2530DB\..\To #
#                          ols\CC2530DB\f8wEndev.cfg" (-DCPU32MHZ             #
#                          -DROOT=__near_func -DMAC_CFG_TX_DATA_MAX=3         #
#                          -DMAC_CFG_TX_MAX=6 -DMAC_CFG_RX_MAX=3              #
#                          -DHAL_KEY=FALSE -DHAL_LED=FALSE -DHAL_LCD=FALSE    #
#                          -DHAL_ADC=FALSE -DNV_RESTORE -DNV_INIT             #
#                          -DPOWER_SAVING -DTC_LINKKEY_JOIN) -f "D:\work      #
#                          space\Smart Product\Two YHY\Door\v1.03.0           #
#                          Green\ZStack-CC2530-2.5.1a\Projects\zstack\HomeAut #
#                          omation\SmartDoor\CC2530DB\..\Tools\CC2530DB\f8wCo #
#                          nfig.cfg" (-DZIGBEEPRO -DSECURE=1                  #
#                          -DZG_SECURE_DYNAMIC=0 -DREFLECTOR                  #
#                          -DDEFAULT_CHANLIST=0x06108800                      #
#                          -DZDAPP_CONFIG_PAN_ID=0xFFFF                       #
#                          -DNWK_START_DELAY=100 -DEXTENDED_JOINING_RANDOM_MA #
#                          SK=0x007F -DBEACON_REQUEST_DELAY=100               #
#                          -DBEACON_REQ_DELAY_MASK=0x00FF                     #
#                          -DLINK_STATUS_JITTER_MASK=0x007F                   #
#                          -DROUTE_EXPIRY_TIME=30 -DAPSC_ACK_WAIT_DURATION_PO #
#                          LLED=3000 -DNWK_INDIRECT_MSG_TIMEOUT=7             #
#                          -DMAX_RREQ_ENTRIES=8 -DAPSC_MAX_FRAME_RETRIES=3    #
#                          -DNWK_MAX_DATA_RETRIES=2                           #
#                          -DMAX_POLL_FAILURE_RETRIES=2 -DMAX_BCAST=9         #
#                          -DAPS_MAX_GROUPS=16 -DMAX_RTG_ENTRIES=40           #
#                          -DNWK_MAX_BINDING_ENTRIES=4                        #
#                          -DMAX_BINDING_CLUSTER_IDS=4                        #
#                          -DDEFAULT_KEY={0x58,0x69,0x6E,0x67,0x48,0x75,0x6F, #
#                          0x59,0x75,0x61,0x6E,0x53,0x6D,0x61,0x72,0x74}      #
#                          -DMAC_MAX_FRAME_SIZE=116                           #
#                          -DZDNWKMGR_MIN_TRANSMISSIONS=20 "-DCONST=const     #
#                          __code" -DGENERIC=__generic                        #
#                          -DRFD_RCVC_ALWAYS_ON=FALSE -DPOLL_RATE=0           #
#                          -DQUEUED_POLL_RATE=0 -DRESPONSE_POLL_RATE=0        #
#                          -DREJOIN_POLL_RATE=440) -f "D:\work space\Smart    #
#                          Product\Two YHY\Door\v1.03.0                       #
#                          Green\ZStack-CC2530-2.5.1a\Projects\zstack\HomeAut #
#                          omation\SmartDoor\CC2530DB\..\Tools\CC2530DB\f8wZC #
#                          L.cfg" (-DZCL_READ -DZCL_WRITE -DZCL_REPORT        #
#                          -DZCL_BASIC -DZCL_IDENTIFY -DZCL_ON_OFF            #
#                          -DZCL_KEY_ESTABLISH -DZCL_KEY_ESTABLISHMENT_KEY_GE #
#                          NERATE_TIMEOUT=4 -DZCL_KEY_ESTABLISHMENT_MAC_GENER #
#                          ATE_TIMEOUT=10 -DZCL_KEY_ESTABLISHMENT_EKEY_GENERA #
#                          TE_TIMEOUT=10 -DZCL_LOAD_CONTROL                   #
#                          -DZCL_SIMPLE_METERING -DZCL_PRICING -DZCL_MESSAGE  #
#                          -DZCL_TUNNELING -DZCL_TOU) -DZCL_DEVICE_MGMT       #
#                          "D:\work space\Smart Product\Two YHY\Door\v1.03.0  #
#                           Green\ZStack-CC2530-2.5.1a\Projects\zstack\HomeAu #
#                          tomation\SmartDoor\Source\zcl_door_control.c" -lC  #
#                          "D:\work space\Smart Product\Two YHY\Door\v1.03.0  #
#                           Green\ZStack-CC2530-2.5.1a\Projects\zstack\HomeAu #
#                          tomation\SmartDoor\CC2530DB\EndDeviceEB\List\"     #
#                          -lA "D:\work space\Smart Product\Two               #
#                          YHY\Door\v1.03.0  Green\ZStack-CC2530-2.5.1a\Proje #
#                          cts\zstack\HomeAutomation\SmartDoor\CC2530DB\EndDe #
#                          viceEB\List\" --diag_suppress Pe001,Pa010 -o       #
#                          "D:\work space\Smart Product\Two YHY\Door\v1.03.0  #
#                           Green\ZStack-CC2530-2.5.1a\Projects\zstack\HomeAu #
#                          tomation\SmartDoor\CC2530DB\EndDeviceEB\Obj\" -e   #
#                          --debug --core=plain --dptr=16,1                   #
#                          --data_model=large --code_model=banked             #
#                          --calling_convention=xdata_reentrant               #
#                          --place_constants=data_rom --nr_virtual_regs 16    #
#                          -I "D:\work space\Smart Product\Two                #
#                          YHY\Door\v1.03.0  Green\ZStack-CC2530-2.5.1a\Proje #
#                          cts\zstack\HomeAutomation\SmartDoor\CC2530DB\" -I  #
#                          "D:\work space\Smart Product\Two YHY\Door\v1.03.0  #
#                           Green\ZStack-CC2530-2.5.1a\Projects\zstack\HomeAu #
#                          tomation\SmartDoor\CC2530DB\..\Source\" -I         #
#                          "D:\work space\Smart Product\Two YHY\Door\v1.03.0  #
#                           Green\ZStack-CC2530-2.5.1a\Projects\zstack\HomeAu #
#                          tomation\SmartDoor\CC2530DB\..\..\Source\" -I      #
#                          "D:\work space\Smart Product\Two YHY\Door\v1.03.0  #
#                           Green\ZStack-CC2530-2.5.1a\Projects\zstack\HomeAu #
#                          tomation\SmartDoor\CC2530DB\..\..\..\ZMain\TI2530D #
#                          B\" -I "D:\work space\Smart Product\Two            #
#                          YHY\Door\v1.03.0  Green\ZStack-CC2530-2.5.1a\Proje #
#                          cts\zstack\HomeAutomation\SmartDoor\CC2530DB\..\.. #
#                          \..\..\..\Components\hal\include\" -I "D:\work     #
#                          space\Smart Product\Two YHY\Door\v1.03.0           #
#                          Green\ZStack-CC2530-2.5.1a\Projects\zstack\HomeAut #
#                          omation\SmartDoor\CC2530DB\..\..\..\..\..\Componen #
#                          ts\hal\target\CC2530EB\" -I "D:\work space\Smart   #
#                          Product\Two YHY\Door\v1.03.0                       #
#                          Green\ZStack-CC2530-2.5.1a\Projects\zstack\HomeAut #
#                          omation\SmartDoor\CC2530DB\..\..\..\..\..\Componen #
#                          ts\mac\include\" -I "D:\work space\Smart           #
#                          Product\Two YHY\Door\v1.03.0                       #
#                          Green\ZStack-CC2530-2.5.1a\Projects\zstack\HomeAut #
#                          omation\SmartDoor\CC2530DB\..\..\..\..\..\Componen #
#                          ts\mac\high_level\" -I "D:\work space\Smart        #
#                          Product\Two YHY\Door\v1.03.0                       #
#                          Green\ZStack-CC2530-2.5.1a\Projects\zstack\HomeAut #
#                          omation\SmartDoor\CC2530DB\..\..\..\..\..\Componen #
#                          ts\mac\low_level\srf04\" -I "D:\work space\Smart   #
#                          Product\Two YHY\Door\v1.03.0                       #
#                          Green\ZStack-CC2530-2.5.1a\Projects\zstack\HomeAut #
#                          omation\SmartDoor\CC2530DB\..\..\..\..\..\Componen #
#                          ts\mac\low_level\srf04\single_chip\" -I "D:\work   #
#                          space\Smart Product\Two YHY\Door\v1.03.0           #
#                          Green\ZStack-CC2530-2.5.1a\Projects\zstack\HomeAut #
#                          omation\SmartDoor\CC2530DB\..\..\..\..\..\Componen #
#                          ts\mt\" -I "D:\work space\Smart Product\Two        #
#                          YHY\Door\v1.03.0  Green\ZStack-CC2530-2.5.1a\Proje #
#                          cts\zstack\HomeAutomation\SmartDoor\CC2530DB\..\.. #
#                          \..\..\..\Components\osal\include\" -I "D:\work    #
#                          space\Smart Product\Two YHY\Door\v1.03.0           #
#                          Green\ZStack-CC2530-2.5.1a\Projects\zstack\HomeAut #
#                          omation\SmartDoor\CC2530DB\..\..\..\..\..\Componen #
#                          ts\services\saddr\" -I "D:\work space\Smart        #
#                          Product\Two YHY\Door\v1.03.0                       #
#                          Green\ZStack-CC2530-2.5.1a\Projects\zstack\HomeAut #
#                          omation\SmartDoor\CC2530DB\..\..\..\..\..\Componen #
#                          ts\services\sdata\" -I "D:\work space\Smart        #
#                          Product\Two YHY\Door\v1.03.0                       #
#                          Green\ZStack-CC2530-2.5.1a\Projects\zstack\HomeAut #
#                          omation\SmartDoor\CC2530DB\..\..\..\..\..\Componen #
#                          ts\stack\af\" -I "D:\work space\Smart Product\Two  #
#                          YHY\Door\v1.03.0  Green\ZStack-CC2530-2.5.1a\Proje #
#                          cts\zstack\HomeAutomation\SmartDoor\CC2530DB\..\.. #
#                          \..\..\..\Components\stack\nwk\" -I "D:\work       #
#                          space\Smart Product\Two YHY\Door\v1.03.0           #
#                          Green\ZStack-CC2530-2.5.1a\Projects\zstack\HomeAut #
#                          omation\SmartDoor\CC2530DB\..\..\..\..\..\Componen #
#                          ts\stack\sapi\" -I "D:\work space\Smart            #
#                          Product\Two YHY\Door\v1.03.0                       #
#                          Green\ZStack-CC2530-2.5.1a\Projects\zstack\HomeAut #
#                          omation\SmartDoor\CC2530DB\..\..\..\..\..\Componen #
#                          ts\stack\sec\" -I "D:\work space\Smart             #
#                          Product\Two YHY\Door\v1.03.0                       #
#                          Green\ZStack-CC2530-2.5.1a\Projects\zstack\HomeAut #
#                          omation\SmartDoor\CC2530DB\..\..\..\..\..\Componen #
#                          ts\stack\sys\" -I "D:\work space\Smart             #
#                          Product\Two YHY\Door\v1.03.0                       #
#                          Green\ZStack-CC2530-2.5.1a\Projects\zstack\HomeAut #
#                          omation\SmartDoor\CC2530DB\..\..\..\..\..\Componen #
#                          ts\stack\zcl\" -I "D:\work space\Smart             #
#                          Product\Two YHY\Door\v1.03.0                       #
#                          Green\ZStack-CC2530-2.5.1a\Projects\zstack\HomeAut #
#                          omation\SmartDoor\CC2530DB\..\..\..\..\..\Componen #
#                          ts\stack\zdo\" -I "D:\work space\Smart             #
#                          Product\Two YHY\Door\v1.03.0                       #
#                          Green\ZStack-CC2530-2.5.1a\Projects\zstack\HomeAut #
#                          omation\SmartDoor\CC2530DB\..\..\..\..\..\Componen #
#                          ts\zmac\" -I "D:\work space\Smart Product\Two      #
#                          YHY\Door\v1.03.0  Green\ZStack-CC2530-2.5.1a\Proje #
#                          cts\zstack\HomeAutomation\SmartDoor\CC2530DB\..\.. #
#                          \..\..\..\Components\zmac\f8w\" -Oh                #
#                          --require_prototypes                               #
#    List file          =  D:\work space\Smart Product\Two YHY\Door\v1.03.0   #
#                          Green\ZStack-CC2530-2.5.1a\Projects\zstack\HomeAut #
#                          omation\SmartDoor\CC2530DB\EndDeviceEB\List\zcl_do #
#                          or_control.lst                                     #
#    Object file        =  D:\work space\Smart Product\Two YHY\Door\v1.03.0   #
#                          Green\ZStack-CC2530-2.5.1a\Projects\zstack\HomeAut #
#                          omation\SmartDoor\CC2530DB\EndDeviceEB\Obj\zcl_doo #
#                          r_control.r51                                      #
#                                                                             #
#                                                                             #
###############################################################################

D:\work space\Smart Product\Two YHY\Door\v1.03.0  Green\ZStack-CC2530-2.5.1a\Projects\zstack\HomeAutomation\SmartDoor\Source\zcl_door_control.c
      1          #include "zcl_door_control.h"

   \                                 In  segment SFR_AN, at 0x80
   \   union <unnamed> volatile __sfr _A_P0
   \                     _A_P0:
   \   000000                DS 1

   \                                 In  segment SFR_AN, at 0x89
   \   unsigned char volatile __sfr P0IFG
   \                     P0IFG:
   \   000000                DS 1

   \                                 In  segment SFR_AN, at 0x8c
   \   unsigned char volatile __sfr PICTL
   \                     PICTL:
   \   000000                DS 1

   \                                 In  segment SFR_AN, at 0x8f
   \   unsigned char volatile __sfr P0INP
   \                     P0INP:
   \   000000                DS 1

   \                                 In  segment SFR_AN, at 0xa8
   \   union <unnamed> volatile __sfr _A_IEN0
   \                     _A_IEN0:
   \   000000                DS 1

   \                                 In  segment SFR_AN, at 0xab
   \   unsigned char volatile __sfr P0IEN
   \                     P0IEN:
   \   000000                DS 1

   \                                 In  segment SFR_AN, at 0xb8
   \   union <unnamed> volatile __sfr _A_IEN1
   \                     _A_IEN1:
   \   000000                DS 1

   \                                 In  segment SFR_AN, at 0xc0
   \   union <unnamed> volatile __sfr _A_IRCON
   \                     _A_IRCON:
   \   000000                DS 1

   \                                 In  segment SFR_AN, at 0xf3
   \   unsigned char volatile __sfr P0SEL
   \                     P0SEL:
   \   000000                DS 1

   \                                 In  segment SFR_AN, at 0xf7
   \   unsigned char volatile __sfr P2INP
   \                     P2INP:
   \   000000                DS 1

   \                                 In  segment SFR_AN, at 0xfd
   \   unsigned char volatile __sfr P0DIR
   \                     P0DIR:
   \   000000                DS 1
      2          #include "zcl_SmartDoor.h"
      3          #include "zcl.h"
      4          #include "ZDObject.h"
      5          #include "zcl_device_info.h"
      6          
      7          extern byte zclSmartDoor_TaskID;

   \                                 In  segment XDATA_Z, align 1, keep-with-next
      8          static afAddrType_t zcl_Coord_nwkAddr;
   \                     zcl_Coord_nwkAddr:
   \   000000                DS 12
   \   00000C                REQUIRE __INIT_XDATA_Z

   \                                 In  segment XDATA_Z, align 1, keep-with-next
      9          static uint8 zcl_SeqNum = 0;
   \                     zcl_SeqNum:
   \   000000                DS 1
   \   000001                REQUIRE __INIT_XDATA_Z

   \                                 In  segment XDATA_Z, align 1, keep-with-next
     10          static uint8 zcl_factoryReset = 0;
   \                     zcl_factoryReset:
   \   000000                DS 1
   \   000001                REQUIRE __INIT_XDATA_Z
     11          extern uint8 zcl_Led_Blink;
     12          extern uint8 zcl_Flag;
     13          extern devStates_t zclDevice_NwkState;
     14          

   \                                 In  segment BANKED_CODE, align 1, keep-with-next
     15          void zclSwitchControlInit(void)
   \                     zclSwitchControlInit:
     16          {
   \   000000   C082         PUSH    DPL
   \   000002   C083         PUSH    DPH
   \   000004                ; Saved register size: 2
   \   000004                ; Auto size: 0
     17            zclRESETInit();
   \   000004                ; Setup parameters for call to function zclRESETInit
   \   000004   12....       LCALL   ??zclRESETInit?relay
     18            
     19            P0SEL &= ~BV(6); //RED
   \   000007   53F3BF       ANL     0xf3,#0xbf
     20            P0DIR |= BV(6);
   \   00000A   43FD40       ORL     0xfd,#0x40
     21          
     22            LED_RED_ON();
   \   00000D   C286         CLR     0x80.6
     23            
     24            ///end init for relay control////////
     25            osal_start_timerEx(zclSmartDoor_TaskID, 
     26                               ZCL_DEVICE_INIT_DONE_EVENT,
     27                               1000);
   \   00000F                ; Setup parameters for call to function osal_start_timerEx
   \   00000F   7CE8         MOV     R4,#-0x18
   \   000011   7D03         MOV     R5,#0x3
   \   000013   7A08         MOV     R2,#0x8
   \   000015   12....       LCALL   ?Subroutine2 & 0xFFFF
     28            
     29            zcl_Coord_nwkAddr.addrMode = afAddr16Bit;
   \                     ??CrossCallReturnLabel_2:
   \   000018   90....       MOV     DPTR,#zcl_Coord_nwkAddr + 8
   \   00001B   7402         MOV     A,#0x2
   \   00001D   F0           MOVX    @DPTR,A
     30            zcl_Coord_nwkAddr.addr.shortAddr = 0x0000;
   \   00001E   90....       MOV     DPTR,#zcl_Coord_nwkAddr
   \   000021   E4           CLR     A
   \   000022   F0           MOVX    @DPTR,A
   \   000023   A3           INC     DPTR
   \   000024   F0           MOVX    @DPTR,A
     31            zcl_Coord_nwkAddr.endPoint = 0xF0;
   \   000025   90....       MOV     DPTR,#zcl_Coord_nwkAddr + 9
   \   000028   74F0         MOV     A,#-0x10
   \   00002A   F0           MOVX    @DPTR,A
     32          }
   \   00002B                REQUIRE ?Subroutine1
   \   00002B                REQUIRE P0SEL
   \   00002B                REQUIRE P0DIR
   \   00002B                REQUIRE _A_P0
   \   00002B                ; // Fall through to label ?Subroutine1

   \                                 In  segment BANKED_CODE, align 1, keep-with-next
   \                     ?Subroutine1:
   \   000000   D083         POP     DPH
   \   000002   D082         POP     DPL
   \   000004   02....       LJMP    ?BRET

   \                                 In  segment BANKED_CODE, align 1, keep-with-next
   \                     ?Subroutine2:
   \   000000   7B00         MOV     R3,#0x0
   \   000002                REQUIRE ??Subroutine4_0
   \   000002                ; // Fall through to label ??Subroutine4_0

   \                                 In  segment BANKED_CODE, align 1, keep-with-next
   \                     ??Subroutine4_0:
   \   000000   90....       MOV     DPTR,#zclSmartDoor_TaskID
   \   000003   E0           MOVX    A,@DPTR
   \   000004   F9           MOV     R1,A
   \   000005   12....       LCALL   ??osal_start_timerEx?relay
   \   000008   22           RET
     33          

   \                                 In  segment BANKED_CODE, align 1, keep-with-next
     34          void zclSwitchControlTouchPanelEnable(void)/*门磁检测*/
   \                     zclSwitchControlTouchPanelEnable:
     35          {
   \   000000                ; Saved register size: 0
   \   000000                ; Auto size: 0
     36            P0SEL &= ~BV(1);
   \   000000   53F3FD       ANL     0xf3,#0xfd
     37            P0DIR &= ~BV(1);
   \   000003   53FDFD       ANL     0xfd,#0xfd
     38            P0INP |= BV(1);
   \   000006   438F02       ORL     0x8f,#0x2
     39            P0IEN |= BV(1);
   \   000009   43AB02       ORL     0xab,#0x2
     40            
     41            PICTL |= (0x1 << 0); //P0 down touch
   \   00000C                REQUIRE ?Subroutine0
   \   00000C                REQUIRE P0SEL
   \   00000C                REQUIRE P0DIR
   \   00000C                REQUIRE P0INP
   \   00000C                REQUIRE P0IEN
   \   00000C                REQUIRE PICTL
   \   00000C                REQUIRE _A_IEN1
   \   00000C                REQUIRE P0IFG
   \   00000C                REQUIRE _A_IRCON
   \   00000C                ; // Fall through to label ?Subroutine0
     42            IEN1 |= (0x1 << 5);//p0 port
     43            
     44            P0IFG = 0;
     45            P0IF = 0;
     46            //  //P0_4 = 0;
     47          }

   \                                 In  segment BANKED_CODE, align 1, keep-with-next
   \                     ?Subroutine0:
   \   000000   438C01       ORL     0x8c,#0x1
   \   000003   D2BD         SETB    0xb8.5
   \   000005   758900       MOV     0x89,#0x0
   \   000008   C2C5         CLR     0xc0.5
   \   00000A   02....       LJMP    ?BRET
     48          

   \                                 In  segment BANKED_CODE, align 1, keep-with-next
     49          void zclRESETInit(void)/*复位*/
   \                     zclRESETInit:
     50          {
   \   000000                ; Saved register size: 0
   \   000000                ; Auto size: 0
     51            P0SEL &= ~BV(7);
   \   000000   53F37F       ANL     0xf3,#0x7f
     52            P0DIR &= ~BV(7);
   \   000003   53FD7F       ANL     0xfd,#0x7f
     53            P2INP &= ~BV(5);
   \   000006   53F7DF       ANL     0xf7,#0xdf
     54            P0INP &= ~BV(7);
   \   000009   538F7F       ANL     0x8f,#0x7f
     55            P0IEN |= BV(7);
   \   00000C   43AB80       ORL     0xab,#0x80
     56            
     57            PICTL |= (0x1 << 0); //P0 down touch
   \   00000F   80..         SJMP    ?Subroutine0
   \   000011                REQUIRE P0SEL
   \   000011                REQUIRE P0DIR
   \   000011                REQUIRE P2INP
   \   000011                REQUIRE P0INP
   \   000011                REQUIRE P0IEN
   \   000011                REQUIRE PICTL
   \   000011                REQUIRE _A_IEN1
   \   000011                REQUIRE P0IFG
   \   000011                REQUIRE _A_IRCON
     58            IEN1 |= (0x1 << 5);//p0 port
     59            
     60            P0IFG = 0;
     61            P0IF = 0; 
     62          }
     63          

   \                                 In  segment BANKED_CODE, align 1, keep-with-next
     64          void zclSwitchReportEvent(uint16 endpoint, uint8 *zclOnOffSwitch_OnOff)
   \                     zclSwitchReportEvent:
     65          {
   \   000000   74F2         MOV     A,#-0xe
   \   000002   12....       LCALL   ?BANKED_ENTER_XDATA
   \   000005                ; Saved register size: 14
   \   000005                ; Auto size: 0
   \   000005   8A..         MOV     ?V0 + 0,R2
   \   000007   EC           MOV     A,R4
   \   000008   FE           MOV     R6,A
   \   000009   ED           MOV     A,R5
   \   00000A   FF           MOV     R7,A
     66            zclReportCmd_t *pReportCmd;
     67            
     68            pReportCmd = osal_mem_alloc( sizeof(zclReportCmd_t) + sizeof(zclReport_t) );
   \   00000B                ; Setup parameters for call to function osal_mem_alloc
   \   00000B   7A06         MOV     R2,#0x6
   \   00000D   7B00         MOV     R3,#0x0
   \   00000F   12....       LCALL   ??osal_mem_alloc?relay
   \   000012   8A..         MOV     ?V0 + 2,R2
   \   000014   8B..         MOV     ?V0 + 3,R3
     69            if ( pReportCmd != NULL )
   \   000016   EA           MOV     A,R2
   \   000017   45..         ORL     A,?V0 + 3
   \   000019   6056         JZ      ??zclSwitchReportEvent_0
     70            {
     71              pReportCmd->numAttr = 1;
   \   00001B   8A82         MOV     DPL,R2
   \   00001D   8B83         MOV     DPH,R3
   \   00001F   7401         MOV     A,#0x1
   \   000021   F0           MOVX    @DPTR,A
     72              pReportCmd->attrList[0].attrID = ATTRID_SS_IAS_ZONE_STATUS;   //0x0002
   \   000022   A3           INC     DPTR
   \   000023   04           INC     A
   \   000024   F0           MOVX    @DPTR,A
   \   000025   A3           INC     DPTR
   \   000026   E4           CLR     A
   \   000027   12....       LCALL   ?Subroutine3 & 0xFFFF
     73              pReportCmd->attrList[0].dataType = ZCL_DATATYPE_BITMAP16;
   \                     ??CrossCallReturnLabel_0:
   \   00002A   7419         MOV     A,#0x19
   \   00002C   12....       LCALL   ?Subroutine3 & 0xFFFF
     74              pReportCmd->attrList[0].attrData = (void *)(zclOnOffSwitch_OnOff);
   \                     ??CrossCallReturnLabel_1:
   \   00002F   A3           INC     DPTR
   \   000030   EE           MOV     A,R6
   \   000031   F0           MOVX    @DPTR,A
   \   000032   A3           INC     DPTR
   \   000033   EF           MOV     A,R7
   \   000034   F0           MOVX    @DPTR,A
     75              
     76              if( ZSuccess != zcl_SendReportCmd( endpoint, 
     77                                &zcl_Coord_nwkAddr,
     78                                ZCL_CLUSTER_ID_SS_IAS_ZONE,
     79                                pReportCmd, ZCL_FRAME_SERVER_CLIENT_DIR, TRUE, 
     80                                zcl_SeqNum++ ))
   \   000035   90....       MOV     DPTR,#zcl_SeqNum
   \   000038   E0           MOVX    A,@DPTR
   \   000039   F8           MOV     R0,A
   \   00003A   7401         MOV     A,#0x1
   \   00003C   28           ADD     A,R0
   \   00003D   F0           MOVX    @DPTR,A
   \   00003E                ; Setup parameters for call to function zcl_SendReportCmd
   \   00003E   E8           MOV     A,R0
   \   00003F   F5..         MOV     ?V0 + 4,A
   \   000041   78..         MOV     R0,#?V0 + 4
   \   000043   12....       LCALL   ?PUSH_XSTACK_I_ONE
   \   000046   75..01       MOV     ?V0 + 4,#0x1
   \   000049   78..         MOV     R0,#?V0 + 4
   \   00004B   12....       LCALL   ?PUSH_XSTACK_I_ONE
   \   00004E   78..         MOV     R0,#?V0 + 4
   \   000050   12....       LCALL   ?PUSH_XSTACK_I_ONE
   \   000053   78..         MOV     R0,#?V0 + 2
   \   000055   12....       LCALL   ?PUSH_XSTACK_I_TWO
   \   000058   7C00         MOV     R4,#0x0
   \   00005A   7D05         MOV     R5,#0x5
   \   00005C   7A..         MOV     R2,#zcl_Coord_nwkAddr & 0xff
   \   00005E   7B..         MOV     R3,#(zcl_Coord_nwkAddr >> 8) & 0xff
   \   000060   A9..         MOV     R1,?V0 + 0
   \   000062   12....       LCALL   ??zcl_SendReportCmd?relay
   \   000065   7405         MOV     A,#0x5
   \   000067   12....       LCALL   ?DEALLOC_XSTACK8
     81              {
     82              }
     83              
     84              osal_mem_free( pReportCmd );
   \   00006A                ; Setup parameters for call to function osal_mem_free
   \   00006A   AA..         MOV     R2,?V0 + 2
   \   00006C   AB..         MOV     R3,?V0 + 3
   \   00006E   12....       LCALL   ??osal_mem_free?relay
     85            }
     86          }
   \                     ??zclSwitchReportEvent_0:
   \   000071   7F06         MOV     R7,#0x6
   \   000073   02....       LJMP    ?BANKED_LEAVE_XDATA

   \                                 In  segment BANKED_CODE, align 1, keep-with-next
   \                     ?Subroutine3:
   \   000000   F0           MOVX    @DPTR,A
   \   000001   8A82         MOV     DPL,R2
   \   000003   8B83         MOV     DPH,R3
   \   000005   A3           INC     DPTR
   \   000006   A3           INC     DPTR
   \   000007   A3           INC     DPTR
   \   000008   22           RET
     87          

   \                                 In  segment BANKED_CODE, align 1, keep-with-next
     88          void zcldointerruptevents(void)
   \                     zcldointerruptevents:
     89          {
   \   000000                ; Saved register size: 0
   \   000000                ; Auto size: 0
     90          
     91          }
   \   000000   02....       LJMP    ?BRET

   \                                 In  segment BANKED_CODE, align 1, keep-with-next
     92          void zclSwitch0TouchAble(void)
   \                     zclSwitch0TouchAble:
     93          {
   \   000000   C082         PUSH    DPL
   \   000002   C083         PUSH    DPH
   \   000004                ; Saved register size: 2
   \   000004                ; Auto size: 0
     94            zcl_Flag = 0;
   \   000004   90....       MOV     DPTR,#zcl_Flag
   \   000007   E4           CLR     A
   \   000008   F0           MOVX    @DPTR,A
     95            P0IFG = 0;
   \   000009   758900       MOV     0x89,#0x0
     96            P0IF = 0;
   \   00000C   C2C5         CLR     0xc0.5
     97            P0IEN |= BV(1);
   \   00000E   43AB02       ORL     0xab,#0x2
     98            P0IEN |= BV(7);
   \   000011   43AB80       ORL     0xab,#0x80
     99          }
   \   000014   02....       LJMP    ?Subroutine1 & 0xFFFF
   \   000017                REQUIRE P0IFG
   \   000017                REQUIRE _A_IRCON
   \   000017                REQUIRE P0IEN
    100          
    101          /*复位处理函数*/

   \                                 In  segment BANKED_CODE, align 1, keep-with-next
    102          void zclSwitch0TouchPanelEvent(void)
   \                     zclSwitch0TouchPanelEvent:
    103          {
   \   000000   C082         PUSH    DPL
   \   000002   C083         PUSH    DPH
   \   000004                ; Saved register size: 2
   \   000004                ; Auto size: 0
    104            if (P0_7 == 0 ) 
   \   000004   A287         MOV     C,0x80.7
   \   000006   402F         JC      ??zclSwitch0TouchPanelEvent_0
    105            {
    106              if (zcl_factoryReset > ZCL_FACTORY_RESET_TIMECOUNT) 
   \   000008   90....       MOV     DPTR,#zcl_factoryReset
   \   00000B   E0           MOVX    A,@DPTR
   \   00000C   C3           CLR     C
   \   00000D   940B         SUBB    A,#0xb
   \   00000F   4016         JC      ??zclSwitch0TouchPanelEvent_1
    107              {
    108                
    109                osal_start_timerEx(zclSmartDoor_TaskID, 
    110                                   ZCL_DEVICE_RESET_EVENT,
    111                                   ZCL_FACTORY_RESET_HINT);
   \   000011                ; Setup parameters for call to function osal_start_timerEx
   \   000011   7CC8         MOV     R4,#-0x38
   \   000013   7D00         MOV     R5,#0x0
   \   000015   7A00         MOV     R2,#0x0
   \   000017   7B04         MOV     R3,#0x4
   \   000019   12....       LCALL   ??Subroutine4_0 & 0xFFFF
    112                zcl_factoryReset = 0;
   \                     ??CrossCallReturnLabel_4:
   \   00001C   90....       MOV     DPTR,#zcl_factoryReset
   \   00001F   E4           CLR     A
   \   000020   F0           MOVX    @DPTR,A
    113                zcl_Led_Blink = 0;
   \   000021   90....       MOV     DPTR,#zcl_Led_Blink
   \   000024   F0           MOVX    @DPTR,A
   \   000025   801D         SJMP    ??zclSwitch0TouchPanelEvent_2
    114              }
    115              else
    116              {
    117                LED_RED_ON();
   \                     ??zclSwitch0TouchPanelEvent_1:
   \   000027   C286         CLR     0x80.6
    118                zcl_factoryReset++;
   \   000029   E0           MOVX    A,@DPTR
   \   00002A   04           INC     A
   \   00002B   F0           MOVX    @DPTR,A
    119                osal_start_timerEx(zclSmartDoor_TaskID, 
    120                                   ZCL_DEVICE_SWITCH_RESET_EVENT,
    121                                   500);
   \   00002C                ; Setup parameters for call to function osal_start_timerEx
   \   00002C   7CF4         MOV     R4,#-0xc
   \   00002E   7D01         MOV     R5,#0x1
   \   000030   7A40         MOV     R2,#0x40
   \   000032   12....       LCALL   ?Subroutine2 & 0xFFFF
    122                
    123              }
    124            }
   \                     ??CrossCallReturnLabel_3:
   \   000035   800D         SJMP    ??zclSwitch0TouchPanelEvent_2
    125            else 
    126            {
    127              LED_RED_OFF();
   \                     ??zclSwitch0TouchPanelEvent_0:
   \   000037   D286         SETB    0x80.6
    128              zcl_factoryReset = 0;
   \   000039   90....       MOV     DPTR,#zcl_factoryReset
   \   00003C   E4           CLR     A
   \   00003D   F0           MOVX    @DPTR,A
    129              P0IEN |= BV(1);
   \   00003E   43AB02       ORL     0xab,#0x2
    130              P0IEN |= BV(7);
   \   000041   43AB80       ORL     0xab,#0x80
    131            }
    132            
    133          }
   \                     ??zclSwitch0TouchPanelEvent_2:
   \   000044   02....       LJMP    ?Subroutine1 & 0xFFFF
   \   000047                REQUIRE _A_P0
   \   000047                REQUIRE P0IEN
    134          

   \                                 In  segment NEAR_CODE, align 1, keep-with-next
    135          HAL_ISR_FUNCTION(zclSwitchControlPort0Isr, P0INT_VECTOR)
   \                     zclSwitchControlPort0Isr:
    136          {
   \   000000   C0E0         PUSH    A
   \   000002   74F2         MOV     A,#-0xe
   \   000004   12....       LCALL   ?INTERRUPT_ENTER_XSP
   \   000007                ; Saved register size: 15
   \   000007                ; Auto size: 0
    137            HAL_ENTER_ISR();
   \   000007   A2AF         MOV     C,0xa8.7
   \   000009   E4           CLR     A
   \   00000A   33           RLC     A
   \   00000B   FE           MOV     R6,A
   \   00000C   D2AF         SETB    0xa8.7
    138          
    139            if ((P0IFG & 0x02) && (zcl_Flag == 0))  //P0_1   CTIN
   \   00000E   E589         MOV     A,0x89
   \   000010   A2E1         MOV     C,0xE0 /* A   */.1
   \   000012   5019         JNC     ??zclSwitchControlPort0Isr_0
   \   000014   90....       MOV     DPTR,#zcl_Flag
   \   000017   E0           MOVX    A,@DPTR
   \   000018   7013         JNZ     ??zclSwitchControlPort0Isr_0
    140            {
    141              P0IEN &= ~BV(1);
   \   00001A   53ABFD       ANL     0xab,#0xfd
    142              osal_start_timerEx(zclSmartDoor_TaskID, 
    143                                 ZCL_DEVICE_SWITCH0_TOUCHPANEL_EVENT,
    144                                 1000);
   \   00001D                ; Setup parameters for call to function osal_start_timerEx
   \   00001D   7CE8         MOV     R4,#-0x18
   \   00001F   7D03         MOV     R5,#0x3
   \   000021   7A10         MOV     R2,#0x10
   \   000023   7B00         MOV     R3,#0x0
   \   000025   90....       MOV     DPTR,#zclSmartDoor_TaskID
   \   000028   E0           MOVX    A,@DPTR
   \   000029   F9           MOV     R1,A
   \   00002A   12....       LCALL   ??osal_start_timerEx?relay
    145          
    146            }
    147            
    148            if (P0IFG & 0x80)  //P0_7  RET
   \                     ??zclSwitchControlPort0Isr_0:
   \   00002D   E589         MOV     A,0x89
   \   00002F   A2E7         MOV     C,0xE0 /* A   */.7
   \   000031   5016         JNC     ??zclSwitchControlPort0Isr_1
    149            {
    150                P0IEN &= ~BV(7);
   \   000033   53AB7F       ANL     0xab,#0x7f
    151                zcl_factoryReset = 0;
   \   000036   90....       MOV     DPTR,#zcl_factoryReset
   \   000039   E4           CLR     A
   \   00003A   F0           MOVX    @DPTR,A
    152                osal_start_timerEx(zclSmartDoor_TaskID, 
    153                                   ZCL_DEVICE_RESET_1_EVENT,
    154                                   100);
   \   00003B                ; Setup parameters for call to function osal_start_timerEx
   \   00003B   7C64         MOV     R4,#0x64
   \   00003D   FD           MOV     R5,A
   \   00003E   FA           MOV     R2,A
   \   00003F   7B20         MOV     R3,#0x20
   \   000041   90....       MOV     DPTR,#zclSmartDoor_TaskID
   \   000044   E0           MOVX    A,@DPTR
   \   000045   F9           MOV     R1,A
   \   000046   12....       LCALL   ??osal_start_timerEx?relay
    155            }
    156            
    157            P0IFG = 0;
   \                     ??zclSwitchControlPort0Isr_1:
   \   000049   758900       MOV     0x89,#0x0
    158            P0IF = 0;
   \   00004C   C2C5         CLR     0xc0.5
    159            
    160            CLEAR_SLEEP_MODE();
   \   00004E   75..00       MOV     halSleepPconValue,#0x0
    161            HAL_EXIT_ISR();
   \   000051   EE           MOV     A,R6
   \   000052   A2E0         MOV     C,0xE0 /* A   */.0
   \   000054   92AF         MOV     0xa8.7,C
    162          }
   \   000056   7F01         MOV     R7,#0x1
   \   000058   02....       LJMP    ?INTERRUPT_LEAVE_XSP
   \   00005B                REQUIRE _A_IEN0
   \   00005B                REQUIRE P0IFG
   \   00005B                REQUIRE P0IEN
   \   00005B                REQUIRE _A_IRCON

   \                                 In  segment INTVEC, offset 0x6b, root
   \                     `??zclSwitchControlPort0Isr??INTVEC 107`:
   \   00006B   02....       LJMP       (zclSwitchControlPort0Isr)

   \                                 In  segment BANK_RELAYS, align 1
   \                     ??zclSwitchControlInit?relay:
   \   000000   12....       LCALL   ?BDISPATCH
   \   000003   ......       DC24    zclSwitchControlInit

   \                                 In  segment BANK_RELAYS, align 1
   \                     ??zclSwitchControlTouchPanelEnable?relay:
   \   000000   12....       LCALL   ?BDISPATCH
   \   000003   ......       DC24    zclSwitchControlTouchPanelEnable

   \                                 In  segment BANK_RELAYS, align 1
   \                     ??zclRESETInit?relay:
   \   000000   12....       LCALL   ?BDISPATCH
   \   000003   ......       DC24    zclRESETInit

   \                                 In  segment BANK_RELAYS, align 1
   \                     ??zclSwitchReportEvent?relay:
   \   000000   12....       LCALL   ?BDISPATCH
   \   000003   ......       DC24    zclSwitchReportEvent

   \                                 In  segment BANK_RELAYS, align 1
   \                     ??zcldointerruptevents?relay:
   \   000000   12....       LCALL   ?BDISPATCH
   \   000003   ......       DC24    zcldointerruptevents

   \                                 In  segment BANK_RELAYS, align 1
   \                     ??zclSwitch0TouchAble?relay:
   \   000000   12....       LCALL   ?BDISPATCH
   \   000003   ......       DC24    zclSwitch0TouchAble

   \                                 In  segment BANK_RELAYS, align 1
   \                     ??zclSwitch0TouchPanelEvent?relay:
   \   000000   12....       LCALL   ?BDISPATCH
   \   000003   ......       DC24    zclSwitch0TouchPanelEvent

   Maximum stack usage in bytes:

     Function                       ISTACK PSTACK XSTACK
     --------                       ------ ------ ------
     zclRESETInit                       0      0      0
     zclSwitch0TouchAble                2      0      0
     zclSwitch0TouchPanelEvent          2      0      0
       -> osal_start_timerEx            4      0      0
       -> osal_start_timerEx            4      0      0
     zclSwitchControlInit               2      0      0
       -> zclRESETInit                  4      0      0
       -> osal_start_timerEx            4      0      0
     zclSwitchControlPort0Isr          15      0      0
       -> osal_start_timerEx           30      0      0
       -> osal_start_timerEx           30      0      0
     zclSwitchControlTouchPanelEnable
                                        0      0      0
     zclSwitchReportEvent               0      0     19
       -> osal_mem_alloc                0      0     28
       -> zcl_SendReportCmd             0      0     38
       -> osal_mem_free                 0      0     28
     zcldointerruptevents               0      0      0


   Segment part sizes:

     Function/Label                           Bytes
     --------------                           -----
     _A_P0                                       1
     P0IFG                                       1
     PICTL                                       1
     P0INP                                       1
     _A_IEN0                                     1
     P0IEN                                       1
     _A_IEN1                                     1
     _A_IRCON                                    1
     P0SEL                                       1
     P2INP                                       1
     P0DIR                                       1
     zcl_Coord_nwkAddr                          12
     zcl_SeqNum                                  1
     zcl_factoryReset                            1
     zclSwitchControlInit                       43
     ?Subroutine1                                7
     ?Subroutine2                                2
     ??Subroutine4_0                             9
     zclSwitchControlTouchPanelEnable
                                                12
     ?Subroutine0                               13
     zclRESETInit                               17
     zclSwitchReportEvent                      118
     ?Subroutine3                                9
     zcldointerruptevents                        3
     zclSwitch0TouchAble                        23
     zclSwitch0TouchPanelEvent                  71
     zclSwitchControlPort0Isr                   91
     ??zclSwitchControlPort0Isr??INTVEC 107      3
     ??zclSwitchControlInit?relay                6
     ??zclSwitchControlTouchPanelEnable?relay    6
     ??zclRESETInit?relay                        6
     ??zclSwitchReportEvent?relay                6
     ??zcldointerruptevents?relay                6
     ??zclSwitch0TouchAble?relay                 6
     ??zclSwitch0TouchPanelEvent?relay           6

 
 327 bytes in segment BANKED_CODE
  42 bytes in segment BANK_RELAYS
   3 bytes in segment INTVEC
  91 bytes in segment NEAR_CODE
  11 bytes in segment SFR_AN
  14 bytes in segment XDATA_Z
 
 460 bytes of CODE  memory (+  3 bytes shared)
   0 bytes of DATA  memory (+ 11 bytes shared)
  14 bytes of XDATA memory

Errors: none
Warnings: none
